\BOOKMARK [-1][-]{part.1}{\376\377\000I\000\040\000I\000n\000s\000t\000a\000l\000a\000c\000i\000o\000n\000e\000s\000\040\000f\000r\000i\000g\000o\000r\000\355\000f\000i\000c\000a\000s}{}% 1
\BOOKMARK [0][-]{chapter.1}{\376\377\000R\000e\000f\000r\000i\000g\000e\000r\000a\000n\000t\000e\000s}{part.1}% 2
\BOOKMARK [1][-]{section.1.1}{\376\377\000R\000e\000f\000r\000i\000g\000e\000r\000a\000n\000t\000e\000s}{chapter.1}% 3
\BOOKMARK [1][-]{section.1.2}{\376\377\000H\000i\000s\000t\000o\000r\000i\000a\000\040\000d\000e\000\040\000l\000o\000s\000\040\000r\000e\000f\000r\000i\000g\000e\000r\000a\000n\000t\000e\000s}{chapter.1}% 4
\BOOKMARK [2][-]{subsection.1.2.1}{\376\377\000P\000r\000i\000m\000e\000r\000a\000\040\000g\000e\000n\000e\000r\000a\000c\000i\000\363\000n\000:\000\040\000l\000o\000\040\000q\000u\000e\000\040\000f\000u\000n\000c\000i\000o\000n\000e}{section.1.2}% 5
\BOOKMARK [2][-]{subsection.1.2.2}{\376\377\000S\000e\000g\000u\000n\000d\000a\000\040\000g\000e\000n\000e\000r\000a\000c\000i\000\363\000n\000:\000\040\000S\000e\000g\000u\000r\000i\000d\000a\000d\000\040\000y\000\040\000d\000u\000r\000a\000b\000i\000l\000i\000d\000a\000d}{section.1.2}% 6
\BOOKMARK [2][-]{subsection.1.2.3}{\376\377\000T\000e\000r\000c\000e\000r\000a\000\040\000g\000e\000n\000e\000r\000a\000c\000i\000\363\000n\000:\000\040\000p\000r\000o\000t\000e\000c\000c\000i\000\363\000n\000\040\000d\000e\000\040\000l\000a\000\040\000c\000a\000p\000a\000\040\000d\000e\000\040\000o\000z\000o\000n\000o}{section.1.2}% 7
\BOOKMARK [2][-]{subsection.1.2.4}{\376\377\000C\000u\000a\000r\000t\000a\000\040\000g\000e\000n\000e\000r\000a\000c\000i\000\363\000n\000:\000\040\000c\000a\000l\000e\000n\000t\000a\000m\000i\000e\000n\000t\000o\000\040\000g\000l\000o\000b\000a\000l}{section.1.2}% 8
\BOOKMARK [1][-]{section.1.3}{\376\377\000C\000o\000m\000p\000o\000s\000i\000c\000i\000\363\000n\000\040\000d\000e\000\040\000l\000o\000s\000\040\000r\000e\000f\000r\000i\000g\000e\000r\000a\000n\000t\000e\000s}{chapter.1}% 9
\BOOKMARK [2][-]{subsection.1.3.1}{\376\377\000R\000e\000f\000r\000i\000g\000e\000r\000a\000n\000t\000e\000s\000\040\000d\000e\000\040\000h\000i\000d\000r\000o\000c\000a\000r\000b\000u\000r\000o\000s}{section.1.3}% 10
\BOOKMARK [2][-]{subsection.1.3.2}{\376\377\000R\000e\000f\000r\000i\000g\000e\000r\000a\000n\000t\000e\000s\000\040\000d\000e\000\040\000h\000a\000l\000o\000c\000a\000r\000b\000u\000r\000o\000s}{section.1.3}% 11
\BOOKMARK [2][-]{subsection.1.3.3}{\376\377\000R\000e\000f\000r\000i\000g\000e\000r\000a\000n\000t\000e\000s\000\040\000i\000n\000o\000r\000g\000\341\000n\000i\000c\000o\000s\000\040\000-\000\040\000R\0007\0000\0000\000s}{section.1.3}% 12
\BOOKMARK [2][-]{subsection.1.3.4}{\376\377\000R\000e\000f\000r\000i\000g\000e\000r\000a\000n\000t\000e\000s\000\040\000a\000z\000e\000\363\000t\000r\000o\000p\000o\000s\000\040\000-\000\040\000R\0005\0000\0000}{section.1.3}% 13
\BOOKMARK [2][-]{subsection.1.3.5}{\376\377\000R\000e\000f\000r\000i\000g\000e\000r\000a\000n\000t\000e\000s\000\040\000z\000e\000\363\000t\000r\000o\000p\000o\000s\000\040\000-\000\040\000R\0004\0000\0000}{section.1.3}% 14
\BOOKMARK [2][-]{subsection.1.3.6}{\376\377\000R\000e\000f\000r\000i\000g\000e\000r\000a\000n\000t\000e\000s\000\040\000o\000r\000g\000\341\000n\000i\000c\000o\000s\000\040\000i\000n\000s\000a\000t\000u\000r\000a\000d\000o\000s}{section.1.3}% 15
\BOOKMARK [1][-]{section.1.4}{\376\377\000C\000a\000r\000a\000c\000t\000e\000r\000\355\000s\000t\000i\000c\000a\000s\000\040\000d\000e\000\040\000u\000n\000\040\000r\000e\000f\000r\000i\000g\000e\000r\000a\000n\000t\000e\000\040\000i\000d\000e\000a\000l}{chapter.1}% 16
\BOOKMARK [2][-]{subsection.1.4.1}{\376\377\000P\000r\000o\000p\000i\000e\000d\000a\000d\000e\000s\000\040\000t\000e\000r\000m\000o\000d\000i\000n\000\341\000m\000i\000c\000a\000s}{section.1.4}% 17
\BOOKMARK [2][-]{subsection.1.4.2}{\376\377\000P\000r\000o\000p\000i\000e\000d\000a\000d\000e\000s\000\040\000q\000u\000\355\000m\000i\000c\000a\000s}{section.1.4}% 18
\BOOKMARK [2][-]{subsection.1.4.3}{\376\377\000P\000r\000o\000p\000i\000e\000d\000a\000d\000e\000s\000\040\000f\000\355\000s\000i\000c\000a\000s}{section.1.4}% 19
\BOOKMARK [2][-]{subsection.1.4.4}{\376\377\000P\000r\000o\000p\000i\000e\000d\000a\000d\000e\000s\000\040\000v\000a\000r\000i\000a\000s}{section.1.4}% 20
\BOOKMARK [1][-]{section.1.5}{\376\377\000R\000e\000f\000r\000i\000g\000e\000r\000a\000n\000t\000e\000s\000\040\000y\000\040\000h\000u\000m\000e\000d\000a\000d}{chapter.1}% 21
\BOOKMARK [2][-]{subsection.1.5.1}{\376\377\000C\000o\000m\000p\000o\000r\000t\000a\000m\000i\000e\000n\000t\000o\000\040\000d\000e\000\040\000l\000o\000s\000\040\000r\000e\000f\000r\000i\000g\000e\000r\000a\000n\000t\000e\000s}{section.1.5}% 22
\BOOKMARK [1][-]{section.1.6}{\376\377\000I\000m\000p\000a\000c\000t\000o\000\040\000a\000m\000b\000i\000e\000n\000t\000a\000l}{chapter.1}% 23
\BOOKMARK [2][-]{subsection.1.6.1}{\376\377\000C\000a\000p\000a\000\040\000d\000e\000\040\000o\000z\000o\000n\000o\000\040\000y\000\040\000t\000e\000m\000p\000e\000r\000a\000t\000u\000r\000a\000\040\000t\000e\000r\000r\000e\000s\000t\000r\000e}{section.1.6}% 24
\BOOKMARK [2][-]{subsection.1.6.2}{\376\377\000O\000t\000r\000o\000s\000\040\000p\000a\000r\000\341\000m\000e\000t\000r\000o\000s\000\040\000d\000e\000\040\000m\000e\000d\000i\000c\000i\000\363\000n}{section.1.6}% 25
\BOOKMARK [1][-]{section.1.7}{\376\377\000D\000e\000t\000e\000c\000c\000i\000\363\000n\000\040\000d\000e\000\040\000f\000u\000g\000a\000s}{chapter.1}% 26
\BOOKMARK [2][-]{subsection.1.7.1}{\376\377\000C\000r\000i\000t\000e\000r\000i\000o\000s\000\040\000d\000e\000\040\000d\000e\000t\000e\000c\000c\000i\000\363\000n}{section.1.7}% 27
\BOOKMARK [1][-]{section.1.8}{\376\377\000R\000e\000f\000r\000i\000g\000e\000r\000a\000c\000i\000\363\000n\000\040\000y\000\040\000l\000o\000s\000\040\000c\000i\000c\000l\000o\000s}{chapter.1}% 28
\BOOKMARK [2][-]{subsection.1.8.1}{\376\377\000C\000o\000e\000f\000i\000c\000i\000e\000n\000t\000e\000\040\000d\000e\000\040\000d\000e\000s\000e\000m\000p\000e\000\361\000o\000\040\000d\000e\000\040\000u\000n\000\040\000c\000i\000c\000l\000o\000\040\000d\000e\000\040\000r\000e\000f\000r\000i\000g\000e\000r\000a\000c\000i\000\363\000n\000\040\000\050\000C\000O\000P\000\051}{section.1.8}% 29
\BOOKMARK [2][-]{subsection.1.8.2}{\376\377\000C\000i\000c\000l\000o\000s\000\040\000p\000r\000i\000n\000c\000i\000p\000a\000l\000e\000s}{section.1.8}% 30
\BOOKMARK [2][-]{subsection.1.8.3}{\376\377\000F\000a\000c\000t\000o\000r\000e\000s\000\040\000p\000r\000i\000n\000c\000i\000p\000a\000l\000e\000s\000\040\000d\000e\000\040\000c\000i\000c\000l\000o\000s\000\040\000d\000e\000\040\000r\000e\000f\000r\000i\000g\000e\000r\000a\000c\000i\000\363\000n}{section.1.8}% 31
\BOOKMARK [1][-]{section.1.9}{\376\377\000S\000e\000l\000e\000c\000c\000i\000\363\000n\000\040\000d\000e\000\040\000r\000e\000f\000r\000i\000g\000e\000r\000a\000n\000t\000e\000s}{chapter.1}% 32
\BOOKMARK [2][-]{subsection.1.9.1}{\376\377\000R\000e\000f\000r\000i\000g\000e\000r\000a\000c\000i\000\363\000n\000\040\000a\000\040\000m\000e\000d\000i\000a\000\040\000o\000\040\000b\000a\000j\000a\000\040\000t\000e\000m\000p\000e\000r\000a\000t\000u\000r\000a}{section.1.9}% 33
\BOOKMARK [2][-]{subsection.1.9.2}{\376\377\000A\000c\000o\000n\000d\000i\000c\000i\000o\000n\000a\000m\000i\000e\000n\000t\000o\000\040\000d\000e\000\040\000a\000i\000r\000e}{section.1.9}% 34
\BOOKMARK [2][-]{subsection.1.9.3}{\376\377\000R\000e\000f\000r\000i\000g\000e\000r\000a\000c\000i\000\363\000n\000\040\000a\000\040\000m\000u\000y\000\040\000b\000a\000j\000a\000\040\000t\000e\000m\000p\000e\000r\000a\000t\000u\000r\000a}{section.1.9}% 35
\BOOKMARK [1][-]{section.1.10}{\376\377\000C\000o\000n\000s\000i\000d\000e\000r\000a\000c\000i\000o\000n\000e\000s\000\040\000d\000e\000\040\000s\000e\000g\000u\000r\000i\000d\000a\000d}{chapter.1}% 36
\BOOKMARK [1][-]{section.1.11}{\376\377\000R\000e\000f\000r\000i\000g\000e\000r\000a\000n\000t\000e\000s\000\040\000s\000e\000c\000u\000n\000d\000a\000r\000i\000o\000s}{chapter.1}% 37
\BOOKMARK [2][-]{subsection.1.11.1}{\376\377\000S\000e\000l\000e\000c\000c\000i\000\363\000n\000\040\000d\000e\000\040\000u\000n\000\040\000r\000e\000f\000r\000i\000g\000e\000r\000a\000n\000t\000e\000\040\000s\000e\000c\000u\000n\000d\000a\000r\000i\000o}{section.1.11}% 38
\BOOKMARK [2][-]{subsection.1.11.2}{\376\377\000C\000a\000r\000g\000a\000\040\000y\000\040\000c\000a\000u\000d\000a\000l\000\040\000d\000e\000l\000\040\000r\000e\000f\000r\000i\000g\000e\000r\000a\000n\000t\000e\000\040\000s\000e\000c\000u\000n\000d\000a\000r\000i\000o}{section.1.11}% 39
\BOOKMARK [2][-]{subsection.1.11.3}{\376\377\000E\000n\000e\000r\000g\000\355\000a\000\040\000d\000e\000\040\000b\000o\000m\000b\000e\000o}{section.1.11}% 40
\BOOKMARK [2][-]{subsection.1.11.4}{\376\377\000C\000o\000m\000p\000a\000r\000a\000c\000i\000\363\000n\000\040\000d\000e\000\040\000r\000e\000n\000d\000i\000m\000e\000n\000t\000o}{section.1.11}% 41
\BOOKMARK [2][-]{subsection.1.11.5}{\376\377\000O\000t\000r\000a\000s\000\040\000c\000o\000n\000s\000i\000d\000e\000r\000a\000c\000i\000o\000n\000e\000s}{section.1.11}% 42
\BOOKMARK [1][-]{section.1.12}{\376\377\000C\000o\000n\000d\000u\000c\000c\000i\000\363\000n\000\040\000d\000e\000\040\000f\000l\000u\000i\000d\000o\000s\000\040\000r\000e\000f\000r\000i\000g\000e\000r\000a\000n\000t\000e\000s}{chapter.1}% 43
\BOOKMARK [2][-]{subsection.1.12.1}{\376\377\000S\000i\000s\000t\000e\000m\000a\000s\000\040\000d\000e\000\040\000t\000u\000b\000e\000r\000\355\000a\000s\000\040\000m\000e\000t\000\341\000l\000i\000c\000a\000s}{section.1.12}% 44
\BOOKMARK [2][-]{subsection.1.12.2}{\376\377\000M\000e\000t\000a\000l\000e\000s}{section.1.12}% 45
\BOOKMARK [2][-]{subsection.1.12.3}{\376\377\000E\000l\000a\000s\000t\000\363\000m\000e\000r\000o\000s}{section.1.12}% 46
\BOOKMARK [2][-]{subsection.1.12.4}{\376\377\000P\000l\000\341\000s\000t\000i\000c\000o\000s}{section.1.12}% 47
\BOOKMARK [-1][-]{part.2}{\376\377\000I\000I\000\040\000A\000n\000e\000x\000o\000s}{}% 48
\BOOKMARK [0][-]{appendix.Alph1}{\376\377\000C\000i\000c\000l\000o\000s\000\040\000d\000e\000\040\000r\000e\000f\000r\000i\000g\000e\000r\000a\000c\000i\000\363\000n}{part.2}% 49
\BOOKMARK [1][-]{section.Alph1.1}{\376\377\000P\000a\000r\000\341\000m\000e\000t\000r\000o\000s\000\040\000p\000r\000i\000n\000c\000i\000p\000a\000l\000e\000s\000\040\000d\000e\000\040\000c\000i\000c\000l\000o\000s}{appendix.Alph1}% 50
\BOOKMARK [2][-]{subsection.Alph1.1.1}{\376\377\000P\000r\000e\000s\000i\000\363\000n}{section.Alph1.1}% 51
\BOOKMARK [2][-]{subsection.Alph1.1.2}{\376\377\000E\000n\000e\000r\000g\000\355\000a\000\040\000i\000n\000t\000e\000r\000n\000a}{section.Alph1.1}% 52
\BOOKMARK [2][-]{subsection.Alph1.1.3}{\376\377\000E\000n\000t\000r\000o\000p\000\355\000a}{section.Alph1.1}% 53
\BOOKMARK [2][-]{subsection.Alph1.1.4}{\376\377\000E\000n\000t\000a\000l\000p\000\355\000a}{section.Alph1.1}% 54
\BOOKMARK [1][-]{section.Alph1.2}{\376\377\0001\000\260\000\040\000L\000e\000y\000\040\000e\000n\000\040\000f\000l\000u\000j\000o\000s\000\040\000c\000e\000r\000r\000a\000d\000o\000s}{appendix.Alph1}% 55
\BOOKMARK [2][-]{subsection.Alph1.2.1}{\376\377\0001\000\260\000\040\000L\000e\000y\000\040\000d\000e\000\040\000l\000a\000\040\000t\000e\000r\000m\000o\000d\000i\000n\000\341\000m\000i\000c\000a}{section.Alph1.2}% 56
\BOOKMARK [2][-]{subsection.Alph1.2.2}{\376\377\000P\000r\000o\000c\000e\000s\000o\000\040\000i\000s\000o\000c\000\363\000r\000i\000c\000o\000\040\000\050\000V\000\040\000=\000\040\000c\000t\000e\000\051}{section.Alph1.2}% 57
\BOOKMARK [2][-]{subsection.Alph1.2.3}{\376\377\000P\000r\000o\000c\000e\000s\000o\000\040\000i\000s\000o\000b\000\341\000r\000i\000c\000o\000\040\000\050\000P\000\040\000=\000\040\000c\000t\000e\000\051}{section.Alph1.2}% 58
\BOOKMARK [2][-]{subsection.Alph1.2.4}{\376\377\000P\000r\000o\000c\000e\000s\000o\000\040\000i\000s\000o\000t\000\351\000r\000m\000i\000c\000o\000\040\000\050\000T\000\040\000=\000\040\000c\000t\000e\000\051}{section.Alph1.2}% 59
\BOOKMARK [2][-]{subsection.Alph1.2.5}{\376\377\000P\000r\000o\000c\000e\000s\000o\000\040\000a\000d\000i\000a\000b\000\341\000t\000i\000c\000o\000\040\000\050\000Q\000\040\000=\000\040\000C\000t\000e\000\051}{section.Alph1.2}% 60
\BOOKMARK [1][-]{section.Alph1.3}{\376\377\000G\000r\000\341\000f\000i\000c\000o\000s\000\040\000t\000e\000r\000m\000o\000d\000i\000n\000\341\000m\000i\000c\000o\000s\000\040\000f\000u\000n\000d\000a\000m\000e\000n\000t\000a\000l\000e\000s}{appendix.Alph1}% 61
\BOOKMARK [2][-]{subsection.Alph1.3.1}{\376\377\000D\000i\000a\000g\000r\000a\000m\000a\000\040\000T\000-\000s}{section.Alph1.3}% 62
\BOOKMARK [2][-]{subsection.Alph1.3.2}{\376\377\000D\000i\000a\000g\000r\000a\000m\000a\000\040\000p\000-\000v}{section.Alph1.3}% 63
\BOOKMARK [2][-]{subsection.Alph1.3.3}{\376\377\000D\000i\000a\000g\000r\000a\000m\000a\000\040\000p\000-\000h}{section.Alph1.3}% 64
\BOOKMARK [1][-]{section.Alph1.4}{\376\377\000C\000i\000c\000l\000o\000\040\000C\000a\000r\000n\000o\000t\000\040\000i\000n\000v\000e\000r\000s\000o}{appendix.Alph1}% 65
\BOOKMARK [1][-]{section.Alph1.5}{\376\377\000C\000i\000c\000l\000o\000\040\000R\000a\000n\000k\000i\000n\000e\000\040\000i\000n\000v\000e\000r\000s\000o}{appendix.Alph1}% 66
\BOOKMARK [1][-]{section.Alph1.6}{\376\377\000C\000i\000c\000l\000o\000\040\000B\000r\000a\000y\000t\000o\000n\000\040\000i\000n\000v\000e\000r\000s\000o}{appendix.Alph1}% 67
